// Jest Snapshot v1, https://goo.gl/fbAQLP

exports[`basic-test logs things 1`] = `
Map {
  "NONE" => Array [],
  "DEBUG" => Array [],
  "INFO" => Array [],
  "WARN" => Array [],
  "ERROR" => Array [
    Array [
      "0 ERROR test-context[97m[101m",
      "Hello, world!",
      "[49m[39m",
    ],
  ],
}
`;
